
e: file:///C:/Users/suren/AndroidStudioProjects/WanderLens/app/build.gradle.kts:9:28: Unresolved reference: util

FAILURE: Build failed with an exception.

* Where:
Build file 'C:\Users\suren\AndroidStudioProjects\WanderLens\app\build.gradle.kts' line: 9

* What went wrong:
Script compilation error:

  Line 9: val localProperties = java.util.Properties()
                                     ^ Unresolved reference: util

1 error

* Try:
> Run with --stacktrace option to get the stack trace.
> Run with --info or --debug option to get more log output.
> Run with --scan to get full insights.
> Configure project :app
> Get more help at https://help.gradle.org.

BUILD FAILED in 1s
